// Jest Snapshot v1, https://goo.gl/fbAQLP

exports[`Should correctly render LoadingPage 1`] = `
<div
  className="loader"
>
  <h1>
    Loading
  </h1>
</div>
`;
